// Jest Snapshot v1, https://goo.gl/fbAQLP

exports[`it should display spinner 1`] = `
.c0 {
  margin: 30px auto;
  font-size: 10px;
  position: relative;
  text-indent: -9999em;
  border-radius: 50%;
  border: 1em solid rgba(27,149,242,0.2);
  border-left-color: #1b95f2;
  width: 3em;
  height: 3em;
  -webkit-transform: translateZ(0);
  -ms-transform: translateZ(0);
  -webkit-transform: translateZ(0);
  -ms-transform: translateZ(0);
  transform: translateZ(0);
  -webkit-animation: hmHMaM 1.1s infinite linear;
  -webkit-animation: hmHMaM 1.1s infinite linear;
  animation: hmHMaM 1.1s infinite linear;
  overflow: hidden;
}

<div
  className="c0"
/>
`;
